// Jest Snapshot v1, https://goo.gl/fbAQLP

exports[`<Button /> should render the medium size button by default 1`] = `
.c0 {
  background: linear-gradient(180deg,#ff5f5f 0%,#f062c0 100%);
  color: #FAFAFA;
  border: 0;
  border-radius: 0.4rem;
  padding: 0.8rem;
  cursor: pointer;
  -webkit-transition: all 0.2s;
  transition: all 0.2s;
  height: 4rem;
  font-size: 1.4rem;
  padding: 0.8rem 3.2rem;
}

.c0:hover {
  -webkit-filter: brightness(0.95);
  filter: brightness(0.95);
}

<button
  class="c0"
>
  <span>
    Buy now
  </span>
</button>
`
